Archive member included to satisfy reference by file (symbol)

c:/renesas/ra/e2studio_v2021-04_fsp_v3.1.0/toolchains/gcc_arm/9_2020q2/bin/../lib/gcc/arm-none-eabi/9.3.1/thumb/v8-m.base/nofp\libgcc.a(_clzsi2.o)
                              ./ra/fsp/src/r_adc/r_adc.o (__clzsi2)
c:/renesas/ra/e2studio_v2021-04_fsp_v3.1.0/toolchains/gcc_arm/9_2020q2/bin/../lib/gcc/arm-none-eabi/9.3.1/thumb/v8-m.base/nofp\libgcc.a(_aeabi_ldivmod.o)
                              ./ra/fsp/src/r_sci_uart/r_sci_uart.o (__aeabi_ldivmod)
c:/renesas/ra/e2studio_v2021-04_fsp_v3.1.0/toolchains/gcc_arm/9_2020q2/bin/../lib/gcc/arm-none-eabi/9.3.1/thumb/v8-m.base/nofp\libgcc.a(_muldi3.o)
                              ./ra/fsp/src/r_sci_uart/r_sci_uart.o (__aeabi_lmul)
c:/renesas/ra/e2studio_v2021-04_fsp_v3.1.0/toolchains/gcc_arm/9_2020q2/bin/../lib/gcc/arm-none-eabi/9.3.1/thumb/v8-m.base/nofp\libgcc.a(bpabi.o)
                              c:/renesas/ra/e2studio_v2021-04_fsp_v3.1.0/toolchains/gcc_arm/9_2020q2/bin/../lib/gcc/arm-none-eabi/9.3.1/thumb/v8-m.base/nofp\libgcc.a(_aeabi_ldivmod.o) (__gnu_ldivmod_helper)
c:/renesas/ra/e2studio_v2021-04_fsp_v3.1.0/toolchains/gcc_arm/9_2020q2/bin/../lib/gcc/arm-none-eabi/9.3.1/thumb/v8-m.base/nofp\libgcc.a(_dvmd_tls.o)
                              c:/renesas/ra/e2studio_v2021-04_fsp_v3.1.0/toolchains/gcc_arm/9_2020q2/bin/../lib/gcc/arm-none-eabi/9.3.1/thumb/v8-m.base/nofp\libgcc.a(_aeabi_ldivmod.o) (__aeabi_ldiv0)
c:/renesas/ra/e2studio_v2021-04_fsp_v3.1.0/toolchains/gcc_arm/9_2020q2/bin/../lib/gcc/arm-none-eabi/9.3.1/thumb/v8-m.base/nofp\libgcc.a(_divdi3.o)
                              c:/renesas/ra/e2studio_v2021-04_fsp_v3.1.0/toolchains/gcc_arm/9_2020q2/bin/../lib/gcc/arm-none-eabi/9.3.1/thumb/v8-m.base/nofp\libgcc.a(bpabi.o) (__divdi3)
c:/renesas/ra/e2studio_v2021-04_fsp_v3.1.0/toolchains/gcc_arm/9_2020q2/bin/../lib/gcc/arm-none-eabi/9.3.1/../../../../arm-none-eabi/lib/thumb/v8-m.base/nofp\libg_nano.a(lib_a-errno.o)
                              ./ra/fsp/src/bsp/mcu/all/bsp_sbrk.o (__errno)
c:/renesas/ra/e2studio_v2021-04_fsp_v3.1.0/toolchains/gcc_arm/9_2020q2/bin/../lib/gcc/arm-none-eabi/9.3.1/../../../../arm-none-eabi/lib/thumb/v8-m.base/nofp\libg_nano.a(lib_a-exit.o)
                              c:/renesas/ra/e2studio_v2021-04_fsp_v3.1.0/toolchains/gcc_arm/9_2020q2/bin/../lib/gcc/arm-none-eabi/9.3.1/../../../../arm-none-eabi/lib/thumb/v8-m.base/nofp/rdimon-crt0.o (exit)
c:/renesas/ra/e2studio_v2021-04_fsp_v3.1.0/toolchains/gcc_arm/9_2020q2/bin/../lib/gcc/arm-none-eabi/9.3.1/../../../../arm-none-eabi/lib/thumb/v8-m.base/nofp\libg_nano.a(lib_a-impure.o)
                              c:/renesas/ra/e2studio_v2021-04_fsp_v3.1.0/toolchains/gcc_arm/9_2020q2/bin/../lib/gcc/arm-none-eabi/9.3.1/../../../../arm-none-eabi/lib/thumb/v8-m.base/nofp\libg_nano.a(lib_a-exit.o) (_global_impure_ptr)
c:/renesas/ra/e2studio_v2021-04_fsp_v3.1.0/toolchains/gcc_arm/9_2020q2/bin/../lib/gcc/arm-none-eabi/9.3.1/../../../../arm-none-eabi/lib/thumb/v8-m.base/nofp\libg_nano.a(lib_a-init.o)
                              c:/renesas/ra/e2studio_v2021-04_fsp_v3.1.0/toolchains/gcc_arm/9_2020q2/bin/../lib/gcc/arm-none-eabi/9.3.1/../../../../arm-none-eabi/lib/thumb/v8-m.base/nofp/rdimon-crt0.o (__libc_init_array)
c:/renesas/ra/e2studio_v2021-04_fsp_v3.1.0/toolchains/gcc_arm/9_2020q2/bin/../lib/gcc/arm-none-eabi/9.3.1/../../../../arm-none-eabi/lib/thumb/v8-m.base/nofp\libg_nano.a(lib_a-memcpy-stub.o)
                              ./src/SEGGER_RTT/SEGGER_RTT.o (memcpy)
c:/renesas/ra/e2studio_v2021-04_fsp_v3.1.0/toolchains/gcc_arm/9_2020q2/bin/../lib/gcc/arm-none-eabi/9.3.1/../../../../arm-none-eabi/lib/thumb/v8-m.base/nofp\libg_nano.a(lib_a-memset.o)
                              c:/renesas/ra/e2studio_v2021-04_fsp_v3.1.0/toolchains/gcc_arm/9_2020q2/bin/../lib/gcc/arm-none-eabi/9.3.1/../../../../arm-none-eabi/lib/thumb/v8-m.base/nofp/rdimon-crt0.o (memset)
c:/renesas/ra/e2studio_v2021-04_fsp_v3.1.0/toolchains/gcc_arm/9_2020q2/bin/../lib/gcc/arm-none-eabi/9.3.1/../../../../arm-none-eabi/lib/thumb/v8-m.base/nofp\libg_nano.a(lib_a-strlen.o)
                              ./src/SEGGER_RTT/SEGGER_RTT.o (strlen)
c:/renesas/ra/e2studio_v2021-04_fsp_v3.1.0/toolchains/gcc_arm/9_2020q2/bin/../lib/gcc/arm-none-eabi/9.3.1/../../../../arm-none-eabi/lib/thumb/v8-m.base/nofp\librdimon_nano.a(rdimon-syscalls.o)
                              c:/renesas/ra/e2studio_v2021-04_fsp_v3.1.0/toolchains/gcc_arm/9_2020q2/bin/../lib/gcc/arm-none-eabi/9.3.1/../../../../arm-none-eabi/lib/thumb/v8-m.base/nofp/rdimon-crt0.o (initialise_monitor_handles)
c:/renesas/ra/e2studio_v2021-04_fsp_v3.1.0/toolchains/gcc_arm/9_2020q2/bin/../lib/gcc/arm-none-eabi/9.3.1/../../../../arm-none-eabi/lib/thumb/v8-m.base/nofp\librdimon_nano.a(rdimon-_exit.o)
                              c:/renesas/ra/e2studio_v2021-04_fsp_v3.1.0/toolchains/gcc_arm/9_2020q2/bin/../lib/gcc/arm-none-eabi/9.3.1/../../../../arm-none-eabi/lib/thumb/v8-m.base/nofp\libg_nano.a(lib_a-exit.o) (_exit)
[...]
Memory Configuration

Name             Origin             Length             Attributes
FLASH            0x00000000         0x00040000         xr
RAM              0x20000000         0x00008000         xrw
DATA_FLASH       0x40100000         0x00002000         xr
QSPI_FLASH       0x60000000         0x00000000         xr
OSPI_DEVICE_0    0x68000000         0x00000000         xr
OSPI_DEVICE_1    0x70000000         0x00000000         xr
SDRAM            0x90000000         0x00000000         xrw
OPTION_SETTING   0x00000000         0x00000000         r
OPTION_SETTING_S 0x00000000         0x00000000         r
ID_CODE          0x01010018         0x00000020         xr
*default*        0x00000000         0xffffffff

Linker script and memory map

LOAD c:/renesas/ra/e2studio_v2021-04_fsp_v3.1.0/toolchains/gcc_arm/9_2020q2/bin/../lib/gcc/arm-none-eabi/9.3.1/thumb/v8-m.base/nofp/crti.o
LOAD c:/renesas/ra/e2studio_v2021-04_fsp_v3.1.0/toolchains/gcc_arm/9_2020q2/bin/../lib/gcc/arm-none-eabi/9.3.1/thumb/v8-m.base/nofp/crtbegin.o
LOAD c:/renesas/ra/e2studio_v2021-04_fsp_v3.1.0/toolchains/gcc_arm/9_2020q2/bin/../lib/gcc/arm-none-eabi/9.3.1/../../../../arm-none-eabi/lib/thumb/v8-m.base/nofp/rdimon-crt0.o
START GROUP
LOAD ./src/SEGGER_RTT/SEGGER_RTT.o
LOAD ./src/SEGGER_RTT/SEGGER_RTT_printf.o
LOAD ./src/hal_entry.o
LOAD ./src/spi.o
LOAD ./src/uart.o
LOAD ./ra_gen/common_data.o
LOAD ./ra_gen/hal_data.o
LOAD ./ra_gen/main.o
LOAD ./ra_gen/pin_data.o
LOAD ./ra_gen/vector_data.o
LOAD ./ra/fsp/src/r_wdt/r_wdt.o
LOAD ./ra/fsp/src/r_spi/r_spi.o
LOAD ./ra/fsp/src/r_sci_uart/r_sci_uart.o
LOAD ./ra/fsp/src/r_rtc/r_rtc.o
LOAD ./ra/fsp/src/r_iwdt/r_iwdt.o
LOAD ./ra/fsp/src/r_ioport/r_ioport.o
LOAD ./ra/fsp/src/r_gpt/r_gpt.o
LOAD ./ra/fsp/src/r_dtc/r_dtc.o
LOAD ./ra/fsp/src/r_dmac/r_dmac.o
LOAD ./ra/fsp/src/r_cgc/r_cgc.o
LOAD ./ra/fsp/src/r_agt/r_agt.o
LOAD ./ra/fsp/src/r_adc/r_adc.o
LOAD ./ra/fsp/src/bsp/mcu/ra2l1/bsp_power.o
LOAD ./ra/fsp/src/bsp/mcu/all/bsp_clocks.o
LOAD ./ra/fsp/src/bsp/mcu/all/bsp_common.o
LOAD ./ra/fsp/src/bsp/mcu/all/bsp_delay.o
LOAD ./ra/fsp/src/bsp/mcu/all/bsp_group_irq.o
LOAD ./ra/fsp/src/bsp/mcu/all/bsp_guard.o
LOAD ./ra/fsp/src/bsp/mcu/all/bsp_io.o
LOAD ./ra/fsp/src/bsp/mcu/all/bsp_irq.o
LOAD ./ra/fsp/src/bsp/mcu/all/bsp_register_protection.o
LOAD ./ra/fsp/src/bsp/mcu/all/bsp_rom_registers.o
LOAD ./ra/fsp/src/bsp/mcu/all/bsp_sbrk.o
LOAD ./ra/fsp/src/bsp/mcu/all/bsp_security.o
LOAD ./ra/fsp/src/bsp/cmsis/Device/RENESAS/Source/startup.o
LOAD ./ra/fsp/src/bsp/cmsis/Device/RENESAS/Source/system.o
END GROUP
START GROUP
LOAD c:/renesas/ra/e2studio_v2021-04_fsp_v3.1.0/toolchains/gcc_arm/9_2020q2/bin/../lib/gcc/arm-none-eabi/9.3.1/thumb/v8-m.base/nofp\libgcc.a
LOAD c:/renesas/ra/e2studio_v2021-04_fsp_v3.1.0/toolchains/gcc_arm/9_2020q2/bin/../lib/gcc/arm-none-eabi/9.3.1/../../../../arm-none-eabi/lib/thumb/v8-m.base/nofp\libg_nano.a
LOAD c:/renesas/ra/e2studio_v2021-04_fsp_v3.1.0/toolchains/gcc_arm/9_2020q2/bin/../lib/gcc/arm-none-eabi/9.3.1/../../../../arm-none-eabi/lib/thumb/v8-m.base/nofp\libc_nano.a
END GROUP
START GROUP
LOAD c:/renesas/ra/e2studio_v2021-04_fsp_v3.1.0/toolchains/gcc_arm/9_2020q2/bin/../lib/gcc/arm-none-eabi/9.3.1/thumb/v8-m.base/nofp\libgcc.a
LOAD c:/renesas/ra/e2studio_v2021-04_fsp_v3.1.0/toolchains/gcc_arm/9_2020q2/bin/../lib/gcc/arm-none-eabi/9.3.1/../../../../arm-none-eabi/lib/thumb/v8-m.base/nofp\libc_nano.a
LOAD c:/renesas/ra/e2studio_v2021-04_fsp_v3.1.0/toolchains/gcc_arm/9_2020q2/bin/../lib/gcc/arm-none-eabi/9.3.1/../../../../arm-none-eabi/lib/thumb/v8-m.base/nofp\librdimon_nano.a
END GROUP
START GROUP
LOAD c:/renesas/ra/e2studio_v2021-04_fsp_v3.1.0/toolchains/gcc_arm/9_2020q2/bin/../lib/gcc/arm-none-eabi/9.3.1/thumb/v8-m.base/nofp\libgcc.a
LOAD c:/renesas/ra/e2studio_v2021-04_fsp_v3.1.0/toolchains/gcc_arm/9_2020q2/bin/../lib/gcc/arm-none-eabi/9.3.1/../../../../arm-none-eabi/lib/thumb/v8-m.base/nofp\libc_nano.a
LOAD c:/renesas/ra/e2studio_v2021-04_fsp_v3.1.0/toolchains/gcc_arm/9_2020q2/bin/../lib/gcc/arm-none-eabi/9.3.1/../../../../arm-none-eabi/lib/thumb/v8-m.base/nofp\librdimon_nano.a
END GROUP
LOAD c:/renesas/ra/e2studio_v2021-04_fsp_v3.1.0/toolchains/gcc_arm/9_2020q2/bin/../lib/gcc/arm-none-eabi/9.3.1/thumb/v8-m.base/nofp/crtend.o
LOAD c:/renesas/ra/e2studio_v2021-04_fsp_v3.1.0/toolchains/gcc_arm/9_2020q2/bin/../lib/gcc/arm-none-eabi/9.3.1/thumb/v8-m.base/nofp/crtn.o
                0x20000000                RAM_START = 0x20000000
                0x00008000                RAM_LENGTH = 0x8000
                0x00000000                FLASH_START = 0x0
                0x00040000                FLASH_LENGTH = 0x40000
                0x40100000                DATA_FLASH_START = 0x40100000
                0x00002000                DATA_FLASH_LENGTH = 0x2000
                0x00000000                OPTION_SETTING_START = 0x0
                0x00000000                OPTION_SETTING_LENGTH = 0x0
                0x00000000                OPTION_SETTING_S_START = 0x0
                0x00000000                OPTION_SETTING_S_LENGTH = 0x0
                0x01010018                ID_CODE_START = 0x1010018
                0x00000020                ID_CODE_LENGTH = 0x20
                0x90000000                SDRAM_START = 0x90000000
                0x00000000                SDRAM_LENGTH = 0x0
                0x60000000                QSPI_FLASH_START = 0x60000000
                0x00000000                QSPI_FLASH_LENGTH = 0x0
                0x68000000                OSPI_DEVICE_0_START = 0x68000000
                0x00000000                OSPI_DEVICE_0_LENGTH = 0x0
                0x70000000                OSPI_DEVICE_1_START = 0x70000000
                0x00000000                OSPI_DEVICE_1_LENGTH = 0x0
                0x00000000                QSPI_FLASH_PRV_LENGTH = DEFINED (QSPI_FLASH_SIZE)?ABSOLUTE (QSPI_FLASH_SIZE):ABSOLUTE (QSPI_FLASH_LENGTH)
                0x00000000                OSPI_DEVICE_0_PRV_LENGTH = DEFINED (OSPI_DEVICE_0_SIZE)?ABSOLUTE (OSPI_DEVICE_0_SIZE):ABSOLUTE (OSPI_DEVICE_0_LENGTH)
                0x00000000                OSPI_DEVICE_1_PRV_LENGTH = DEFINED (OSPI_DEVICE_1_SIZE)?ABSOLUTE (OSPI_DEVICE_1_SIZE):ABSOLUTE (OSPI_DEVICE_1_LENGTH)
                0x00000000                __RESERVE_NS_RAM = ((! (DEFINED (PROJECT_NONSECURE)) && DEFINED (RAM_NS_BUFFER_LENGTH)) && (OPTION_SETTING_S_LENGTH != 0x0))
                0x00000000                RAM_NS_BUFFER_BLOCK_LENGTH = DEFINED (RAM_NS_BUFFER_LENGTH)?ALIGN (RAM_NS_BUFFER_LENGTH, 0x2000):0x0
                0x00000000                RAM_NS_BUFFER_LENGTH = DEFINED (RAM_NS_BUFFER_LENGTH)?RAM_NS_BUFFER_LENGTH:0x0
                0x20008000                RAM_NS_BUFFER_START = ((RAM_START + RAM_LENGTH) - RAM_NS_BUFFER_LENGTH)
                0x20008000                RAM_NS_BUFFER_BLOCK_START = ((RAM_START + RAM_LENGTH) - RAM_NS_BUFFER_BLOCK_LENGTH)
                0x0100a180                OPTION_SETTING_START_NS = 0x100a180
                0x00000001                __bl_FSP_BOOTABLE_IMAGE = 0x1
                0x00000001                __bln_FSP_BOOTABLE_IMAGE = 0x1
                0x00000000                PROJECT_SECURE_OR_FLAT = ((! (DEFINED (PROJECT_NONSECURE)) && OPTION_SETTING_LENGTH) && ! (DEFINED (FSP_BOOTABLE_IMAGE)))
                0x00000000                USE_OPTION_SETTING_NS = (DEFINED (PROJECT_NONSECURE) && ! (DEFINED (FSP_BOOTABLE_IMAGE)))
                0x00000000                __bl_FLASH_IMAGE_START = ! (DEFINED (FLASH_BOOTLOADER_LENGTH))?0x0:(FLASH_APPLICATION_IMAGE_NUMBER == 0x1)?(FLASH_BOOTLOADER_LENGTH + FLASH_BOOTLOADER_HEADER_LENGTH):(((FLASH_BOOTLOADER_LENGTH + FLASH_BOOTLOADER_SCRATCH_LENGTH) + FLASH_APPLICATION_S_LENGTH) + FLASH_BOOTLOADER_HEADER_LENGTH)
                0x00000000                __bl_FLASH_IMAGE_LENGTH = ! (DEFINED (FLASH_BOOTLOADER_LENGTH))?0x0:(FLASH_APPLICATION_S_LENGTH - FLASH_BOOTLOADER_HEADER_LENGTH)
                0x00000000                __bl_FLASH_IMAGE_END = (__bl_FLASH_IMAGE_START + __bl_FLASH_IMAGE_LENGTH)
                0x00000000                __bl_FLASH_NS_START = ! (DEFINED (FLASH_BOOTLOADER_LENGTH))?0x0:(FLASH_APPLICATION_NS_LENGTH == 0x0)?__bl_FLASH_IMAGE_END:((__bl_FLASH_IMAGE_START - FLASH_BOOTLOADER_HEADER_LENGTH) + FLASH_APPLICATION_S_LENGTH)
                0x00000000                __bl_FLASH_NSC_START = ! (DEFINED (FLASH_BOOTLOADER_LENGTH))?0x0:(FLASH_APPLICATION_NS_LENGTH == 0x0)?__bl_FLASH_IMAGE_END:(__bl_FLASH_NS_START - FLASH_APPLICATION_NSC_LENGTH)
                0x00000000                __bl_RAM_NS_START = ! (DEFINED (FLASH_BOOTLOADER_LENGTH))?0x0:(FLASH_APPLICATION_NS_LENGTH == 0x0)?(RAM_START + RAM_LENGTH):((RAM_START + RAM_LENGTH) - RAM_APPLICATION_NS_LENGTH)
                0x00000000                __bl_RAM_NSC_START = ! (DEFINED (FLASH_BOOTLOADER_LENGTH))?0x0:(FLASH_APPLICATION_NS_LENGTH == 0x0)?(RAM_START + RAM_LENGTH):(__bl_RAM_NS_START - RAM_APPLICATION_NSC_LENGTH)
                0x00000000                __bl_FLASH_NS_IMAGE_START = ! (DEFINED (FLASH_BOOTLOADER_LENGTH))?0x0:(FLASH_APPLICATION_NS_LENGTH == 0x0)?__bl_FLASH_IMAGE_END:(__bl_FLASH_NS_START + FLASH_BOOTLOADER_HEADER_LENGTH_2)
                0x00000000                __bln_FLASH_IMAGE_START = __bl_FLASH_NS_IMAGE_START
                0x00000000                __bln_FLASH_IMAGE_LENGTH = ! (DEFINED (FLASH_BOOTLOADER_LENGTH))?0x0:(FLASH_APPLICATION_NS_LENGTH == 0x0)?__bl_FLASH_IMAGE_END:(FLASH_APPLICATION_NS_LENGTH - FLASH_BOOTLOADER_HEADER_LENGTH_2)
                0x00000000                FLASH_ORIGIN = DEFINED (FLASH_IMAGE_START)?FLASH_IMAGE_START:FLASH_START
                0x00040000                LIMITED_FLASH_LENGTH = DEFINED (FLASH_IMAGE_LENGTH)?FLASH_IMAGE_LENGTH:DEFINED (FLASH_BOOTLOADER_LENGTH)?FLASH_BOOTLOADER_LENGTH:FLASH_LENGTH
START GROUP
LOAD c:/renesas/ra/e2studio_v2021-04_fsp_v3.1.0/toolchains/gcc_arm/9_2020q2/bin/../lib/gcc/arm-none-eabi/9.3.1/thumb/v8-m.base/nofp\libgcc.a
LOAD c:/renesas/ra/e2studio_v2021-04_fsp_v3.1.0/toolchains/gcc_arm/9_2020q2/bin/../lib/gcc/arm-none-eabi/9.3.1/../../../../arm-none-eabi/lib/thumb/v8-m.base/nofp\libc.a
LOAD c:/renesas/ra/e2studio_v2021-04_fsp_v3.1.0/toolchains/gcc_arm/9_2020q2/bin/../lib/gcc/arm-none-eabi/9.3.1/../../../../arm-none-eabi/lib/thumb/v8-m.base/nofp\libm.a
LOAD c:/renesas/ra/e2studio_v2021-04_fsp_v3.1.0/toolchains/gcc_arm/9_2020q2/bin/../lib/gcc/arm-none-eabi/9.3.1/../../../../arm-none-eabi/lib/thumb/v8-m.base/nofp\libnosys.a
END GROUP

.text           0x00000000     0x3d80
                0x00000000                __tz_FLASH_S = ABSOLUTE (FLASH_START)
                0x00000000                __ROM_Start = .
 *(.fixed_vectors*)
 .fixed_vectors
                0x00000000       0x40 ./ra/fsp/src/bsp/cmsis/Device/RENESAS/Source/startup.o
                0x00000000                __Vectors
 *(.application_vectors*)
 .application_vectors
                0x00000040       0x80 ./ra_gen/vector_data.o
                0x00000040                g_vector_table
                0x000000c0                __Vectors_End = .
                0x00000400                . = (OPTION_SETTING_LENGTH > 0x0)?.:(__ROM_Start + 0x400)
 *fill*         0x000000c0      0x340 ff
 *(.rom_registers*)
 .rom_registers
                0x00000400       0x3c ./ra/fsp/src/bsp/mcu/all/bsp_rom_registers.o
                0x00000500                . = (OPTION_SETTING_LENGTH > 0x0)?.:(__ROM_Start + 0x500)
 *fill*         0x0000043c       0xc4 ff
 *(.text*)
 .text          0x00000500       0x50 c:/renesas/ra/e2studio_v2021-04_fsp_v3.1.0/toolchains/gcc_arm/9_2020q2/bin/../lib/gcc/arm-none-eabi/9.3.1/thumb/v8-m.base/nofp/crtbegin.o
 .text._DoInit  0x00000550       0xc6 ./src/SEGGER_RTT/SEGGER_RTT.o
 .text._WriteBlocking
                0x00000616       0xbc ./src/SEGGER_RTT/SEGGER_RTT.o
 .text._WriteNoCheck
                0x000006d2       0x94 ./src/SEGGER_RTT/SEGGER_RTT.o
 .text._GetAvailWriteSpace
                0x00000766       0x42 ./src/SEGGER_RTT/SEGGER_RTT.o
 .text.SEGGER_RTT_WriteNoLock
                0x000007a8       0xae ./src/SEGGER_RTT/SEGGER_RTT.o
                0x000007a8                SEGGER_RTT_WriteNoLock
 .text.SEGGER_RTT_Write
                0x00000856       0x4e ./src/SEGGER_RTT/SEGGER_RTT.o
                0x00000856                SEGGER_RTT_Write
 .text._StoreChar
                0x000008a4       0x80 ./src/SEGGER_RTT/SEGGER_RTT_printf.o
 .text._PrintUnsigned
                0x00000924      0x15a ./src/SEGGER_RTT/SEGGER_RTT_printf.o
 .text._PrintInt
                0x00000a7e      0x13e ./src/SEGGER_RTT/SEGGER_RTT_printf.o
 .text.SEGGER_RTT_vprintf
                0x00000bbc      0x35c ./src/SEGGER_RTT/SEGGER_RTT_printf.o
                0x00000bbc                SEGGER_RTT_vprintf
 .text.SEGGER_RTT_printf
                0x00000f18       0x32 ./src/SEGGER_RTT/SEGGER_RTT_printf.o
                0x00000f18                SEGGER_RTT_printf
 .text.init_EEPROM
                0x00000f4a       0x90 ./src/hal_entry.o
                0x00000f4a                init_EEPROM
 .text.initializeAll
                0x00000fda       0x26 ./src/hal_entry.o
                0x00000fda                initializeAll
 .text.hal_entry
                0x00001000       0x70 ./src/hal_entry.o
                0x00001000                hal_entry
 .text.R_BSP_WarmStart
                0x00001070       0x48 ./src/hal_entry.o
                0x00001070                R_BSP_WarmStart
 .text.write_to_EEPROM
                0x000010b8       0x84 ./src/spi.o
                0x000010b8                write_to_EEPROM
 .text.spi_callback
                0x0000113c       0x32 ./src/spi.o
                0x0000113c                spi_callback
 .text.send_to_simcom
                0x0000116e       0xdc ./src/uart.o
                0x0000116e                send_to_simcom
 .text.main     0x0000124a       0x10 ./ra_gen/main.o
                0x0000124a                main
 .text.R_FSP_CurrentIrqGet
                0x0000125a       0x2a ./ra/fsp/src/r_spi/r_spi.o
 .text.R_FSP_IsrContextSet
                0x00001284       0x2a ./ra/fsp/src/r_spi/r_spi.o
 *fill*         0x000012ae        0x2 ff
 .text.R_BSP_IrqStatusClear
                0x000012b0       0x34 ./ra/fsp/src/r_spi/r_spi.o
 .text.R_BSP_IrqClearPending
                0x000012e4       0x4c ./ra/fsp/src/r_spi/r_spi.o
 .text.R_BSP_IrqCfg
                0x00001330       0x88 ./ra/fsp/src/r_spi/r_spi.o
 .text.R_BSP_IrqEnableNoClear
                0x000013b8       0x3e ./ra/fsp/src/r_spi/r_spi.o
 .text.R_BSP_IrqEnable
                0x000013f6       0x2c ./ra/fsp/src/r_spi/r_spi.o
 .text.R_BSP_IrqDisable
                0x00001422       0x4c ./ra/fsp/src/r_spi/r_spi.o
 .text.R_BSP_IrqCfgEnable
                0x0000146e       0x36 ./ra/fsp/src/r_spi/r_spi.o
 .text.R_FSP_IsrContextGet
                0x000014a4       0x26 ./ra/fsp/src/r_spi/r_spi.o
 .text.R_SPI_Open
                0x000014ca      0x128 ./ra/fsp/src/r_spi/r_spi.o
                0x000014ca                R_SPI_Open
 .text.R_SPI_Write
                0x000015f2       0x30 ./ra/fsp/src/r_spi/r_spi.o
                0x000015f2                R_SPI_Write
 .text.r_spi_transfer_config
                0x00001622       0xb4 ./ra/fsp/src/r_spi/r_spi.o
 .text.r_spi_hw_config
                0x000016d6      0x270 ./ra/fsp/src/r_spi/r_spi.o
 .text.r_spi_nvic_config
                0x00001946       0x70 ./ra/fsp/src/r_spi/r_spi.o
 *fill*         0x000019b6        0x2 ff
 .text.r_spi_bit_width_config
                0x000019b8       0xac ./ra/fsp/src/r_spi/r_spi.o
 .text.r_spi_start_transfer
                0x00001a64       0x1c ./ra/fsp/src/r_spi/r_spi.o
 .text.r_spi_write_read_common
                0x00001a80      0x250 ./ra/fsp/src/r_spi/r_spi.o
 .text.r_spi_receive
                0x00001cd0       0x88 ./ra/fsp/src/r_spi/r_spi.o
 .text.r_spi_transmit
                0x00001d58       0x86 ./ra/fsp/src/r_spi/r_spi.o
 .text.r_spi_call_callback
                0x00001dde       0x6a ./ra/fsp/src/r_spi/r_spi.o
 .text.spi_rxi_isr
                0x00001e48       0x56 ./ra/fsp/src/r_spi/r_spi.o
                0x00001e48                spi_rxi_isr
 .text.spi_txi_isr
                0x00001e9e       0x86 ./ra/fsp/src/r_spi/r_spi.o
                0x00001e9e                spi_txi_isr
 .text.spi_tei_isr
                0x00001f24       0x6e ./ra/fsp/src/r_spi/r_spi.o
                0x00001f24                spi_tei_isr
 .text.spi_eri_isr
                0x00001f92       0xa4 ./ra/fsp/src/r_spi/r_spi.o
                0x00001f92                spi_eri_isr
 .text.R_FSP_CurrentIrqGet
                0x00002036       0x2a ./ra/fsp/src/r_sci_uart/r_sci_uart.o
 .text.R_BSP_IrqStatusClear
                0x00002060       0x34 ./ra/fsp/src/r_sci_uart/r_sci_uart.o
 .text.R_FSP_IsrContextGet
                0x00002094       0x26 ./ra/fsp/src/r_sci_uart/r_sci_uart.o
 *fill*         0x000020ba        0x2 ff
 .text.R_SCI_UART_Write
                0x000020bc       0xc0 ./ra/fsp/src/r_sci_uart/r_sci_uart.o
                0x000020bc                R_SCI_UART_Write
 .text.r_sci_read_write_param_check
                0x0000217c       0x68 ./ra/fsp/src/r_sci_uart/r_sci_uart.o
 .text.r_sci_uart_call_callback
                0x000021e4       0x78 ./ra/fsp/src/r_sci_uart/r_sci_uart.o
 .text.sci_uart_txi_isr
                0x0000225c       0xe4 ./ra/fsp/src/r_sci_uart/r_sci_uart.o
                0x0000225c                sci_uart_txi_isr
 .text.sci_uart_rxi_isr
                0x00002340       0xc4 ./ra/fsp/src/r_sci_uart/r_sci_uart.o
                0x00002340                sci_uart_rxi_isr
 .text.sci_uart_tei_isr
                0x00002404       0x54 ./ra/fsp/src/r_sci_uart/r_sci_uart.o
                0x00002404                sci_uart_tei_isr
 .text.sci_uart_eri_isr
                0x00002458       0xc0 ./ra/fsp/src/r_sci_uart/r_sci_uart.o
                0x00002458                sci_uart_eri_isr
 .text.R_BSP_PinAccessEnable
                0x00002518       0x6e ./ra/fsp/src/r_ioport/r_ioport.o
 .text.R_BSP_PinAccessDisable
                0x00002586       0x7a ./ra/fsp/src/r_ioport/r_ioport.o
 .text.R_IOPORT_Open
                0x00002600       0x5a ./ra/fsp/src/r_ioport/r_ioport.o
                0x00002600                R_IOPORT_Open
 .text.R_IOPORT_PinWrite
                0x0000265a       0xd6 ./ra/fsp/src/r_ioport/r_ioport.o
                0x0000265a                R_IOPORT_PinWrite
 .text.r_ioport_pins_config
                0x00002730       0x64 ./ra/fsp/src/r_ioport/r_ioport.o
 .text.r_ioport_pfs_write
                0x00002794       0x98 ./ra/fsp/src/r_ioport/r_ioport.o
 .text.R_DTC_Open
                0x0000282c       0xc4 ./ra/fsp/src/r_dtc/r_dtc.o
                0x0000282c                R_DTC_Open
 .text.R_DTC_Reconfigure
                0x000028f0       0xc0 ./ra/fsp/src/r_dtc/r_dtc.o
                0x000028f0                R_DTC_Reconfigure
 .text.R_DTC_Reset
                0x000029b0      0x168 ./ra/fsp/src/r_dtc/r_dtc.o
                0x000029b0                R_DTC_Reset
 .text.R_DTC_SoftwareStart
                0x00002b18       0x18 ./ra/fsp/src/r_dtc/r_dtc.o
                0x00002b18                R_DTC_SoftwareStart
 .text.R_DTC_SoftwareStop
                0x00002b30       0x12 ./ra/fsp/src/r_dtc/r_dtc.o
                0x00002b30                R_DTC_SoftwareStop
 .text.R_DTC_Enable
                0x00002b42       0x3a ./ra/fsp/src/r_dtc/r_dtc.o
                0x00002b42                R_DTC_Enable
 .text.R_DTC_Disable
                0x00002b7c       0x50 ./ra/fsp/src/r_dtc/r_dtc.o
                0x00002b7c                R_DTC_Disable
 .text.R_DTC_InfoGet
                0x00002bcc       0xba ./ra/fsp/src/r_dtc/r_dtc.o
                0x00002bcc                R_DTC_InfoGet
 *fill*         0x00002c86        0x2 ff
 .text.R_DTC_Close
                0x00002c88       0x70 ./ra/fsp/src/r_dtc/r_dtc.o
                0x00002c88                R_DTC_Close
 .text.r_dtc_prv_enable
                0x00002cf8       0x54 ./ra/fsp/src/r_dtc/r_dtc.o
 .text.r_dtc_state_initialize
                0x00002d4c       0xac ./ra/fsp/src/r_dtc/r_dtc.o
 .text.r_dtc_set_info
                0x00002df8       0x48 ./ra/fsp/src/r_dtc/r_dtc.o
 .text.r_dtc_block_repeat_initialize
                0x00002e40       0x70 ./ra/fsp/src/r_dtc/r_dtc.o
 .text.r_dtc_length_assert
                0x00002eb0       0x88 ./ra/fsp/src/r_dtc/r_dtc.o
 .text.r_dtc_source_destination_parameter_check
                0x00002f38       0xd6 ./ra/fsp/src/r_dtc/r_dtc.o
 .text.bsp_prv_operating_mode_opccr_set
                0x0000300e       0x94 ./ra/fsp/src/bsp/mcu/all/bsp_clocks.o
 .text.SystemCoreClockUpdate
                0x000030a2       0x48 ./ra/fsp/src/bsp/mcu/all/bsp_clocks.o
                0x000030a2                SystemCoreClockUpdate
 .text.bsp_prv_clock_set_hard_reset
                0x000030ea       0x44 ./ra/fsp/src/bsp/mcu/all/bsp_clocks.o
 .text.bsp_clock_freq_var_init
                0x0000312e       0x58 ./ra/fsp/src/bsp/mcu/all/bsp_clocks.o
 *fill*         0x00003186        0x2 ff
 .text.bsp_clock_init
                0x00003188       0x98 ./ra/fsp/src/bsp/mcu/all/bsp_clocks.o
                0x00003188                bsp_clock_init
 .text.bsp_init_internal
                0x00003220       0x10 ./ra/fsp/src/bsp/mcu/all/bsp_common.o
                0x00003220                bsp_init_internal
                0x00003220                bsp_init
 .text.R_BSP_SoftwareDelay
                0x00003230       0xb2 ./ra/fsp/src/bsp/mcu/all/bsp_delay.o
                0x00003230                R_BSP_SoftwareDelay
 .text.bsp_prv_software_delay_loop
                0x000032e2        0xa ./ra/fsp/src/bsp/mcu/all/bsp_delay.o
                0x000032e2                bsp_prv_software_delay_loop
 .text.bsp_group_irq_call
                0x000032ec       0x3e ./ra/fsp/src/bsp/mcu/all/bsp_group_irq.o
 .text.NMI_Handler
                0x0000332a       0x68 ./ra/fsp/src/bsp/mcu/all/bsp_group_irq.o
                0x0000332a                NMI_Handler
 .text.bsp_irq_cfg
                0x00003392       0x42 ./ra/fsp/src/bsp/mcu/all/bsp_irq.o
                0x00003392                bsp_irq_cfg
 .text.R_BSP_RegisterProtectEnable
                0x000033d4       0xc4 ./ra/fsp/src/bsp/mcu/all/bsp_register_protection.o
                0x000033d4                R_BSP_RegisterProtectEnable
 .text.R_BSP_RegisterProtectDisable
                0x00003498       0xac ./ra/fsp/src/bsp/mcu/all/bsp_register_protection.o
                0x00003498                R_BSP_RegisterProtectDisable
 .text.Reset_Handler
                0x00003544        0xe ./ra/fsp/src/bsp/cmsis/Device/RENESAS/Source/startup.o
                0x00003544                Reset_Handler
 .text.Default_Handler
                0x00003552        0xc ./ra/fsp/src/bsp/cmsis/Device/RENESAS/Source/startup.o
                0x00003552                DebugMon_Handler
                0x00003552                HardFault_Handler
                0x00003552                SysTick_Handler
                0x00003552                PendSV_Handler
                0x00003552                UsageFault_Handler
                0x00003552                SecureFault_Handler
                0x00003552                Default_Handler
                0x00003552                MemManage_Handler
                0x00003552                SVC_Handler
                0x00003552                BusFault_Handler
 *fill*         0x0000355e        0x2 ff
 .text.SystemInit
                0x00003560      0x12c ./ra/fsp/src/bsp/cmsis/Device/RENESAS/Source/system.o
                0x00003560                SystemInit
 .text.bsp_reset_trng_circuit
                0x0000368c       0xfc ./ra/fsp/src/bsp/cmsis/Device/RENESAS/Source/system.o
 .text          0x00003788       0x5c c:/renesas/ra/e2studio_v2021-04_fsp_v3.1.0/toolchains/gcc_arm/9_2020q2/bin/../lib/gcc/arm-none-eabi/9.3.1/thumb/v8-m.base/nofp\libgcc.a(_muldi3.o)
                0x00003788                __muldi3
                0x00003788                __aeabi_lmul
 .text.memcpy   0x000037e4       0x12 c:/renesas/ra/e2studio_v2021-04_fsp_v3.1.0/toolchains/gcc_arm/9_2020q2/bin/../lib/gcc/arm-none-eabi/9.3.1/../../../../arm-none-eabi/lib/thumb/v8-m.base/nofp\libg_nano.a(lib_a-memcpy-stub.o)
                0x000037e4                memcpy
 .text.memset   0x000037f6       0x10 c:/renesas/ra/e2studio_v2021-04_fsp_v3.1.0/toolchains/gcc_arm/9_2020q2/bin/../lib/gcc/arm-none-eabi/9.3.1/../../../../arm-none-eabi/lib/thumb/v8-m.base/nofp\libg_nano.a(lib_a-memset.o)
                0x000037f6                memset
 .text          0x00003806        0xe c:/renesas/ra/e2studio_v2021-04_fsp_v3.1.0/toolchains/gcc_arm/9_2020q2/bin/../lib/gcc/arm-none-eabi/9.3.1/../../../../arm-none-eabi/lib/thumb/v8-m.base/nofp\libg_nano.a(lib_a-strlen.o)
                0x00003806                strlen
 *(.version)
 .version       0x00003814       0x50 ./ra/fsp/src/bsp/mcu/all/bsp_common.o
 *(.init)
 .init          0x00003864        0x4 c:/renesas/ra/e2studio_v2021-04_fsp_v3.1.0/toolchains/gcc_arm/9_2020q2/bin/../lib/gcc/arm-none-eabi/9.3.1/thumb/v8-m.base/nofp/crti.o
                0x00003864                _init
 .init          0x00003868        0x8 c:/renesas/ra/e2studio_v2021-04_fsp_v3.1.0/toolchains/gcc_arm/9_2020q2/bin/../lib/gcc/arm-none-eabi/9.3.1/thumb/v8-m.base/nofp/crtn.o
 *(.fini)
 .fini          0x00003870        0x4 c:/renesas/ra/e2studio_v2021-04_fsp_v3.1.0/toolchains/gcc_arm/9_2020q2/bin/../lib/gcc/arm-none-eabi/9.3.1/thumb/v8-m.base/nofp/crti.o
                0x00003870                _fini
 .fini          0x00003874        0x8 c:/renesas/ra/e2studio_v2021-04_fsp_v3.1.0/toolchains/gcc_arm/9_2020q2/bin/../lib/gcc/arm-none-eabi/9.3.1/thumb/v8-m.base/nofp/crtn.o
 *crtbegin.o(.ctors)
 *crtbegin?.o(.ctors)
 *(EXCLUDE_FILE(*crtend.o *crtend?.o) .ctors)
 *(SORT_BY_NAME(.ctors.*))
 *(.ctors)
 *crtbegin.o(.dtors)
 *crtbegin?.o(.dtors)
 *(EXCLUDE_FILE(*crtend.o *crtend?.o) .dtors)
 *(SORT_BY_NAME(.dtors.*))
 *(.dtors)
 *(.rodata*)
 .rodata        0x0000387c       0x17 ./src/SEGGER_RTT/SEGGER_RTT.o
 *fill*         0x00003893        0x1 ff
 .rodata.SEGGER_RTT_vprintf
                0x00003894       0x84 ./src/SEGGER_RTT/SEGGER_RTT_printf.o
 .rodata._aV2C.4628
                0x00003918       0x10 ./src/SEGGER_RTT/SEGGER_RTT_printf.o
 .rodata        0x00003928       0x87 ./src/hal_entry.o
 *fill*         0x000039af        0x1 ff
 .rodata.__FUNCTION__.25757
                0x000039b0        0xc ./src/hal_entry.o
 .rodata        0x000039bc       0x8e ./src/spi.o
 *fill*         0x00003a4a        0x2 ff
 .rodata.__FUNCTION__.25742
                0x00003a4c       0x10 ./src/spi.o
 .rodata        0x00003a5c       0xe2 ./src/uart.o
 *fill*         0x00003b3e        0x2 ff
 .rodata.__FUNCTION__.25773
                0x00003b40        0xf ./src/uart.o
 *fill*         0x00003b4f        0x1 ff
 .rodata.g_transfer1_cfg_extend
                0x00003b50        0x1 ./ra_gen/hal_data.o
                0x00003b50                g_transfer1_cfg_extend
 *fill*         0x00003b51        0x3 ff
 .rodata.g_transfer1_cfg
                0x00003b54        0x8 ./ra_gen/hal_data.o
                0x00003b54                g_transfer1_cfg
 .rodata.g_transfer1
                0x00003b5c        0xc ./ra_gen/hal_data.o
                0x00003b5c                g_transfer1
 .rodata.g_transfer0_cfg_extend
                0x00003b68        0x1 ./ra_gen/hal_data.o
                0x00003b68                g_transfer0_cfg_extend
 *fill*         0x00003b69        0x3 ff
 .rodata.g_transfer0_cfg
                0x00003b6c        0x8 ./ra_gen/hal_data.o
                0x00003b6c                g_transfer0_cfg
 .rodata.g_transfer0
                0x00003b74        0xc ./ra_gen/hal_data.o
                0x00003b74                g_transfer0
 .rodata.g_spi0_ext_cfg
                0x00003b80        0xc ./ra_gen/hal_data.o
                0x00003b80                g_spi0_ext_cfg
 .rodata.g_spi0_cfg
                0x00003b8c       0x24 ./ra_gen/hal_data.o
                0x00003b8c                g_spi0_cfg
 .rodata.g_bsp_pin_cfg_data
                0x00003bb0      0x178 ./ra_gen/pin_data.o
                0x00003bb0                g_bsp_pin_cfg_data
 .rodata.g_bsp_pin_cfg
                0x00003d28        0x8 ./ra_gen/pin_data.o
                0x00003d28                g_bsp_pin_cfg
 .rodata.g_interrupt_event_link_select
                0x00003d30       0x20 ./ra_gen/vector_data.o
                0x00003d30                g_interrupt_event_link_select
 .rodata.g_transfer_on_dtc
                0x00003d50       0x24 ./ra/fsp/src/r_dtc/r_dtc.o
                0x00003d50                g_transfer_on_dtc
 .rodata.g_prcr_masks
                0x00003d74        0x8 ./ra/fsp/src/bsp/mcu/all/bsp_register_protection.o
                0x00003d7c                __usb_dev_descriptor_start_fs = .
 *(.usb_device_desc_fs*)
                0x00003d7c                __usb_cfg_descriptor_start_fs = .
 *(.usb_config_desc_fs*)
                0x00003d7c                __usb_interface_descriptor_start_fs = .
 *(.usb_interface_desc_fs*)
                0x00003d7c                __usb_descriptor_end_fs = .
                0x00003d7c                __usb_dev_descriptor_start_hs = .
 *(.usb_device_desc_hs*)
                0x00003d7c                __usb_cfg_descriptor_start_hs = .
 *(.usb_config_desc_hs*)
                0x00003d7c                __usb_interface_descriptor_start_hs = .
 *(.usb_interface_desc_hs*)
                0x00003d7c                __usb_descriptor_end_hs = .
 *(.eh_frame*)
 .eh_frame      0x00003d7c        0x0 c:/renesas/ra/e2studio_v2021-04_fsp_v3.1.0/toolchains/gcc_arm/9_2020q2/bin/../lib/gcc/arm-none-eabi/9.3.1/thumb/v8-m.base/nofp/crtbegin.o
 .eh_frame      0x00003d7c        0x4 c:/renesas/ra/e2studio_v2021-04_fsp_v3.1.0/toolchains/gcc_arm/9_2020q2/bin/../lib/gcc/arm-none-eabi/9.3.1/thumb/v8-m.base/nofp/crtend.o
                0x00003d80                __ROM_End = .
                0x000000c0                __Vectors_Size = (__Vectors_End - __Vectors)

.glue_7         0x00003d80        0x0
 .glue_7        0x00003d80        0x0 linker stubs

.glue_7t        0x00003d80        0x0
 .glue_7t       0x00003d80        0x0 linker stubs

.vfp11_veneer   0x00003d80        0x0
 .vfp11_veneer  0x00003d80        0x0 linker stubs

.v4_bx          0x00003d80        0x0
 .v4_bx         0x00003d80        0x0 linker stubs

.iplt           0x00003d80        0x0
 .iplt          0x00003d80        0x0 c:/renesas/ra/e2studio_v2021-04_fsp_v3.1.0/toolchains/gcc_arm/9_2020q2/bin/../lib/gcc/arm-none-eabi/9.3.1/thumb/v8-m.base/nofp/crtbegin.o

.ARM.extab
 *(.ARM.extab* .gnu.linkonce.armextab.*)
                0x00003d80                __exidx_start = .

.ARM.exidx
 *(.ARM.exidx* .gnu.linkonce.armexidx.*)
                0x00003d80                __exidx_end = .
                0x00003d80                __etext = .
                0x20000000                __tz_RAM_S = ORIGIN (RAM)

.fsp_dtc_vector_table
                0x20000000       0x80
                0x20000000                . = ORIGIN (RAM)
 *(.fsp_dtc_vector_table)
 .fsp_dtc_vector_table
                0x20000000       0x80 ./ra/fsp/src/r_dtc/r_dtc.o

.data           0x20000080       0x2c load address 0x00003d80
                0x20000080                __data_start__ = .
                0x20000080                . = ALIGN (0x4)
                0x20000080                __Code_In_RAM_Start = .
 *(.code_in_ram*)
                0x20000080                __Code_In_RAM_End = .
 *(vtable)
 *(.data.*)
 .data.start    0x20000080        0x1 ./src/spi.o
                0x20000080                start
 *fill*         0x20000081        0x3 
 .data.g_transfer1_info
                0x20000084       0x10 ./ra_gen/hal_data.o
                0x20000084                g_transfer1_info
 .data.g_transfer0_info
                0x20000094       0x10 ./ra_gen/hal_data.o
                0x20000094                g_transfer0_info
 *(.data)
                0x200000a4                . = ALIGN (0x4)
                0x200000a4                PROVIDE (__preinit_array_start = .)
 *(.preinit_array)
                0x200000a4                PROVIDE (__preinit_array_end = .)
                0x200000a4                . = ALIGN (0x4)
                0x200000a4                PROVIDE (__init_array_start = .)
 *(SORT_BY_NAME(.init_array.*))
 *(.init_array)
 .init_array    0x200000a4        0x4 c:/renesas/ra/e2studio_v2021-04_fsp_v3.1.0/toolchains/gcc_arm/9_2020q2/bin/../lib/gcc/arm-none-eabi/9.3.1/thumb/v8-m.base/nofp/crtbegin.o
                0x200000a8                PROVIDE (__init_array_end = .)
                0x200000a8                . = ALIGN (0x4)
                [!provide]                PROVIDE (__fini_array_start = .)
 *(SORT_BY_NAME(.fini_array.*))
 *(.fini_array)
 .fini_array    0x200000a8        0x4 c:/renesas/ra/e2studio_v2021-04_fsp_v3.1.0/toolchains/gcc_arm/9_2020q2/bin/../lib/gcc/arm-none-eabi/9.3.1/thumb/v8-m.base/nofp/crtbegin.o
                [!provide]                PROVIDE (__fini_array_end = .)
 *(.jcr*)
                0x200000ac                . = ALIGN (0x4)
                0x200000ac                __data_end__ = .

.igot.plt       0x200000ac        0x0 load address 0x00003dac
 .igot.plt      0x200000ac        0x0 c:/renesas/ra/e2studio_v2021-04_fsp_v3.1.0/toolchains/gcc_arm/9_2020q2/bin/../lib/gcc/arm-none-eabi/9.3.1/thumb/v8-m.base/nofp/crtbegin.o

.gnu.sgstubs    0x00004000        0x0
                0x00004000                . = (DEFINED (PROJECT_SECURE) && DEFINED (FLASH_NSC_START))?ABSOLUTE (FLASH_NSC_START):ALIGN (0x400)
                0x00004000                __tz_FLASH_C = DEFINED (FLASH_NSC_START)?ABSOLUTE (FLASH_NSC_START):__RESERVE_NS_RAM?ABSOLUTE ((FLASH_START + FLASH_LENGTH)):ALIGN (0x400)
                0x00004000                _start_sg = .
 *(.gnu.sgstubs*)
                0x00004000                . = ALIGN (0x20)
                0x00004000                _end_sg = .
                0x00008000                __tz_FLASH_N = DEFINED (FLASH_NS_START)?ABSOLUTE (FLASH_NS_START):__RESERVE_NS_RAM?ABSOLUTE ((FLASH_START + FLASH_LENGTH)):ALIGN (0x8000)
                0x00008000                FLASH_NS_IMAGE_START = DEFINED (FLASH_NS_IMAGE_START)?FLASH_NS_IMAGE_START:__tz_FLASH_N
                0x60000000                __tz_QSPI_FLASH_S = ORIGIN (QSPI_FLASH)

.qspi_flash     0x60000000        0x0
                0x60000000                __qspi_flash_start__ = .
 *(.qspi_flash*)
 *(.code_in_qspi*)
                0x60000000                __qspi_flash_end__ = .
                0x00000000                __qspi_flash_code_size__ = (__qspi_flash_end__ - __qspi_flash_start__)
                0x00003dac                __qspi_flash_code_addr__ = (__etext + (__data_end__ - __data_start__))

.qspi_non_retentive
                0x60000000        0x0 load address 0x00003dac
                0x60000000                __qspi_non_retentive_start__ = .
 *(.qspi_non_retentive*)
                0x60000000                __qspi_non_retentive_end__ = .
                0x00000000                __qspi_non_retentive_size__ = (__qspi_non_retentive_end__ - __qspi_non_retentive_start__)
                0x04000000                __qspi_region_max_size__ = 0x4000000
                0x60000000                __qspi_region_start_address__ = __qspi_flash_start__
                0x64000000                __qspi_region_end_address__ = (__qspi_flash_start__ + __qspi_region_max_size__)
                0x60000000                __tz_QSPI_FLASH_N = __qspi_non_retentive_end__
                0x68000000                __tz_OSPI_DEVICE_0_S = ORIGIN (OSPI_DEVICE_0)

.OSPI_DEVICE_0  0x68000000        0x0
                0x68000000                __ospi_device_0_start__ = .
 *(.ospi_device_0*)
 *(.code_in_ospi_device_0*)
                0x68000000                __ospi_device_0_end__ = .
                0x00000000                __ospi_device_0_code_size__ = (__ospi_device_0_end__ - __ospi_device_0_start__)
                0x00003dac                __ospi_device_0_code_addr__ = (__etext + (__data_end__ - __data_start__))

.ospi_device_0_non_retentive
                0x68000000        0x0 load address 0x00003dac
                0x68000000                __ospi_device_0_non_retentive_start__ = .
 *(.ospi_device_0_non_retentive*)
                0x68000000                __ospi_device_0_non_retentive_end__ = .
                0x00000000                __ospi_device_0_non_retentive_size__ = (__ospi_device_0_non_retentive_end__ - __ospi_device_0_non_retentive_start__)
                0x08000000                __ospi_device_0_region_max_size__ = 0x8000000
                0x68000000                __ospi_device_0_region_start_address__ = __ospi_device_0_start__
                0x70000000                __ospi_device_0_region_end_address__ = (__ospi_device_0_start__ + __ospi_device_0_region_max_size__)
                0x68000000                __tz_OSPI_DEVICE_0_N = __ospi_device_0_non_retentive_end__
                0x70000000                __tz_OSPI_DEVICE_1_S = ORIGIN (OSPI_DEVICE_1)

.OSPI_DEVICE_1  0x70000000        0x0
                0x70000000                __ospi_device_1_start__ = .
 *(.ospi_device_1*)
 *(.code_in_ospi_device_1*)
                0x70000000                __ospi_device_1_end__ = .
                0x00000000                __ospi_device_1_code_size__ = (__ospi_device_1_end__ - __ospi_device_1_start__)
                0x00003dac                __ospi_device_1_code_addr__ = (__etext + (__data_end__ - __data_start__))

.ospi_device_1_non_retentive
                0x70000000        0x0 load address 0x00003dac
                0x70000000                __ospi_device_1_non_retentive_start__ = .
 *(.ospi_device_1_non_retentive*)
                0x70000000                __ospi_device_1_non_retentive_end__ = .
                0x00000000                __ospi_device_1_non_retentive_size__ = (__ospi_device_1_non_retentive_end__ - __ospi_device_1_non_retentive_start__)
                0x10000000                __ospi_device_1_region_max_size__ = 0x10000000
                0x70000000                __ospi_device_1_region_start_address__ = __ospi_device_1_start__
                0x80000000                __ospi_device_1_region_end_address__ = (__ospi_device_1_start__ + __ospi_device_1_region_max_size__)
                0x70000000                __tz_OSPI_DEVICE_1_N = __ospi_device_1_non_retentive_end__

.noinit         0x200000ac       0x14
                0x200000ac                . = ALIGN (0x4)
                0x200000ac                __noinit_start = .
 *(.noinit*)
 .noinit        0x200000ac       0x14 ./ra/fsp/src/bsp/mcu/all/bsp_clocks.o
                0x200000c0                . = ALIGN (0x8)
 *(.heap.*)
                0x200000c0                __noinit_end = .

.bss            0x200000c0      0x76c
                0x200000c0                . = ALIGN (0x4)
                0x200000c0                __bss_start__ = .
 *(.bss*)
 .bss           0x200000c0       0x1c c:/renesas/ra/e2studio_v2021-04_fsp_v3.1.0/toolchains/gcc_arm/9_2020q2/bin/../lib/gcc/arm-none-eabi/9.3.1/thumb/v8-m.base/nofp/crtbegin.o
 .bss._acUpBuffer
                0x200000dc      0x400 ./src/SEGGER_RTT/SEGGER_RTT.o
 .bss._acDownBuffer
                0x200004dc       0x10 ./src/SEGGER_RTT/SEGGER_RTT.o
 .bss.g_spi_event_flag
                0x200004ec        0x1 ./src/spi.o
 .bss.g_simcom_uart_event
                0x200004ed        0x1 ./src/uart.o
 *fill*         0x200004ee        0x2 
 .bss.dummy_rx.23481
                0x200004f0        0x4 ./ra/fsp/src/r_spi/r_spi.o
 .bss.dummy_tx.23483
                0x200004f4        0x4 ./ra/fsp/src/r_spi/r_spi.o
 .bss.g_dtc_state_initialized.23254
                0x200004f8        0x1 ./ra/fsp/src/r_dtc/r_dtc.o
 *fill*         0x200004f9        0x3 
 .bss.g_bsp_group_irq_sources
                0x200004fc       0x40 ./ra/fsp/src/bsp/mcu/all/bsp_group_irq.o
 .bss.g_protect_counters
                0x2000053c        0x8 ./ra/fsp/src/bsp/mcu/all/bsp_register_protection.o
 .bss.SystemCoreClock
                0x20000544        0x4 ./ra/fsp/src/bsp/cmsis/Device/RENESAS/Source/system.o
                0x20000544                SystemCoreClock
 *(COMMON)
 COMMON         0x20000548       0xa8 ./src/SEGGER_RTT/SEGGER_RTT.o
                0x20000548                _SEGGER_RTT
 COMMON         0x200005f0        0x8 ./ra_gen/common_data.o
                0x200005f0                g_ioport_ctrl
 COMMON         0x200005f8      0x1b0 ./ra_gen/hal_data.o
                0x200005f8                PWM_GREEN_ctrl
                0x20000618                UART_SIMCOM_ctrl
                0x20000648                g_transfer0_ctrl
                0x20000650                g_spi0_ctrl
                0x20000680                g_transfer1_ctrl
                0x20000688                UART_LOCK_ctrl
                0x200006b8                PWM_BLUE_ctrl
                0x200006d8                ANALOGPINS_ctrl
                0x200006f8                UART_BLE_ctrl
                0x20000728                UART_L86_ctrl
                0x20000758                UART_SCOOTER_ctrl
                0x20000788                PWM_RED_ctrl
 COMMON         0x200007a8        0x4 ./ra/fsp/src/bsp/mcu/all/bsp_io.o
                0x200007a8                g_protect_pfswe_counter
 COMMON         0x200007ac       0x80 ./ra/fsp/src/bsp/mcu/all/bsp_irq.o
                0x200007ac                gp_renesas_isr_context
                0x2000082c                . = ALIGN (0x4)
                0x2000082c                __bss_end__ = .

.heap           0x2000082c        0x4
                0x20000830                . = ALIGN (0x8)
 *fill*         0x2000082c        0x4 
                0x20000830                __HeapBase = .
 *(.heap)
                0x20000830                __HeapLimit = .

.stack_dummy    0x20000830      0x400
                0x20000830                . = ALIGN (0x8)
                0x20000830                __StackLimit = .
 *(.stack)
 .stack         0x20000830      0x400 ./ra/fsp/src/bsp/cmsis/Device/RENESAS/Source/startup.o
                0x20000c30                __StackTop = .
 *(.stack*)
                0x20000c30                __StackTopAll = .
                0x20000c30                PROVIDE (__stack = __StackTopAll)
                0x20000c30                __RAM_segment_used_end__ = ALIGN (__StackTopAll, 0x4)
                0x20001000                __tz_RAM_C = DEFINED (RAM_NSC_START)?ABSOLUTE (RAM_NSC_START):__RESERVE_NS_RAM?ABSOLUTE (RAM_NS_BUFFER_BLOCK_START):ALIGN (__RAM_segment_used_end__, 0x400)
                0x20002000                __tz_RAM_N = DEFINED (RAM_NS_START)?ABSOLUTE (RAM_NS_START):__RESERVE_NS_RAM?ABSOLUTE (RAM_NS_BUFFER_BLOCK_START):ALIGN (__tz_RAM_C, 0x2000)

.ns_buffer      0x20000c30        0x0
                0x20000c30                . = __RESERVE_NS_RAM?ABSOLUTE ((RAM_NS_BUFFER_START & 0xffffffe0)):.
 *(.ns_buffer*)

.data_flash     0x40100000        0x0
                0x40100000                . = ORIGIN (DATA_FLASH)
                0x40100000                __tz_DATA_FLASH_S = .
                0x40100000                __Data_Flash_Start = .
 *(.data_flash*)
                0x40100000                __Data_Flash_End = .
                0x40100000                __tz_DATA_FLASH_N = DEFINED (DATA_FLASH_NS_START)?ABSOLUTE (DATA_FLASH_NS_START):__RESERVE_NS_RAM?ABSOLUTE ((DATA_FLASH_START + DATA_FLASH_LENGTH)):ALIGN (0x400)
                0x90000000                __tz_SDRAM_S = ORIGIN (SDRAM)

.sdram          0x90000000        0x0
                0x90000000                __SDRAM_Start = .
 *(.sdram*)
 *(.frame*)
                0x90000000                __SDRAM_End = .
                0x90000000                __tz_SDRAM_N = __SDRAM_End
                0x01010018                __tz_ID_CODE_S = ORIGIN (ID_CODE)

.id_code        0x01010018       0x1c
                0x01010018                __ID_Code_Start = .
 *(.id_code*)
 .id_code       0x01010018       0x1c ./ra/fsp/src/bsp/mcu/all/bsp_rom_registers.o
                0x01010034                __ID_Code_End = .
                0x01010034                __tz_ID_CODE_N = __ID_Code_End
                0x00000000                __tz_OPTION_SETTING_S = ORIGIN (OPTION_SETTING)

.rel.dyn        0x01010034        0x0
 .rel.iplt      0x01010034        0x0 c:/renesas/ra/e2studio_v2021-04_fsp_v3.1.0/toolchains/gcc_arm/9_2020q2/bin/../lib/gcc/arm-none-eabi/9.3.1/thumb/v8-m.base/nofp/crtbegin.o

.option_setting
                0x00000000        0x0
                0x00000000                __OPTION_SETTING_Start = .
 *(.option_setting_ofs0)
                0x00000000                . = PROJECT_SECURE_OR_FLAT?(__OPTION_SETTING_Start + 0x10):__OPTION_SETTING_Start
 *(.option_setting_dualsel)
                0x00000000                . = PROJECT_SECURE_OR_FLAT?(__OPTION_SETTING_Start + 0x34):__OPTION_SETTING_Start
 *(.option_setting_sas)
                0x00000000                __OPTION_SETTING_End = .
                0x0100a180                __tz_OPTION_SETTING_N = OPTION_SETTING_START_NS

.option_setting_ns
                0x00000000        0x0
                0x00000000                __OPTION_SETTING_NS_Start = .
 *(.option_setting_ofs1)
                0x00000000                . = USE_OPTION_SETTING_NS?(__OPTION_SETTING_NS_Start + 0x10):__OPTION_SETTING_NS_Start
 *(.option_setting_banksel)
                0x00000000                . = USE_OPTION_SETTING_NS?(__OPTION_SETTING_NS_Start + 0x40):__OPTION_SETTING_NS_Start
 *(.option_setting_bps0)
                0x00000000                . = USE_OPTION_SETTING_NS?(__OPTION_SETTING_NS_Start + 0x44):__OPTION_SETTING_NS_Start
 *(.option_setting_bps1)
                0x00000000                . = USE_OPTION_SETTING_NS?(__OPTION_SETTING_NS_Start + 0x48):__OPTION_SETTING_NS_Start
 *(.option_setting_bps2)
                0x00000000                . = USE_OPTION_SETTING_NS?(__OPTION_SETTING_NS_Start + 0x60):__OPTION_SETTING_NS_Start
 *(.option_setting_pbps0)
                0x00000000                . = USE_OPTION_SETTING_NS?(__OPTION_SETTING_NS_Start + 0x64):__OPTION_SETTING_NS_Start
 *(.option_setting_pbps1)
                0x00000000                . = USE_OPTION_SETTING_NS?(__OPTION_SETTING_NS_Start + 0x68):__OPTION_SETTING_NS_Start
 *(.option_setting_pbps2)
                0x00000000                __OPTION_SETTING_NS_End = .
                0x00000000                __tz_OPTION_SETTING_S_S = ORIGIN (OPTION_SETTING_S)

.option_setting_s
                0x00000000        0x0
                0x00000000                __OPTION_SETTING_S_Start = .
 *(.option_setting_ofs1_sec)
                0x00000000                . = PROJECT_SECURE_OR_FLAT?(__OPTION_SETTING_S_Start + 0x10):__OPTION_SETTING_S_Start
 *(.option_setting_banksel_sec)
                0x00000000                . = PROJECT_SECURE_OR_FLAT?(__OPTION_SETTING_S_Start + 0x40):__OPTION_SETTING_S_Start
 *(.option_setting_bps_sec0)
                0x00000000                . = PROJECT_SECURE_OR_FLAT?(__OPTION_SETTING_S_Start + 0x44):__OPTION_SETTING_S_Start
 *(.option_setting_bps_sec1)
                0x00000000                . = PROJECT_SECURE_OR_FLAT?(__OPTION_SETTING_S_Start + 0x48):__OPTION_SETTING_S_Start
 *(.option_setting_bps_sec2)
                0x00000000                . = PROJECT_SECURE_OR_FLAT?(__OPTION_SETTING_S_Start + 0x60):__OPTION_SETTING_S_Start
 *(.option_setting_pbps_sec0)
                0x00000000                . = PROJECT_SECURE_OR_FLAT?(__OPTION_SETTING_S_Start + 0x64):__OPTION_SETTING_S_Start
 *(.option_setting_pbps_sec1)
                0x00000000                . = PROJECT_SECURE_OR_FLAT?(__OPTION_SETTING_S_Start + 0x68):__OPTION_SETTING_S_Start
 *(.option_setting_pbps_sec2)
                0x00000000                . = PROJECT_SECURE_OR_FLAT?(__OPTION_SETTING_S_Start + 0x80):__OPTION_SETTING_S_Start
 *(.option_setting_ofs1_sel)
                0x00000000                . = PROJECT_SECURE_OR_FLAT?(__OPTION_SETTING_S_Start + 0x90):__OPTION_SETTING_S_Start
 *(.option_setting_banksel_sel)
                0x00000000                . = PROJECT_SECURE_OR_FLAT?(__OPTION_SETTING_S_Start + 0xc0):__OPTION_SETTING_S_Start
 *(.option_setting_bps_sel0)
                0x00000000                . = PROJECT_SECURE_OR_FLAT?(__OPTION_SETTING_S_Start + 0xc4):__OPTION_SETTING_S_Start
 *(.option_setting_bps_sel1)
                0x00000000                . = PROJECT_SECURE_OR_FLAT?(__OPTION_SETTING_S_Start + 0xc8):__OPTION_SETTING_S_Start
 *(.option_setting_bps_sel2)
                0x00000000                __OPTION_SETTING_S_End = .
                0x00000000                __tz_OPTION_SETTING_S_N = __OPTION_SETTING_S_End
OUTPUT(barracudaDeneme0.elf elf32-littlearm)
LOAD linker stubs

.ARM.attributes
                0x00000000       0x2c
 .ARM.attributes
                0x00000000       0x22 c:/renesas/ra/e2studio_v2021-04_fsp_v3.1.0/toolchains/gcc_arm/9_2020q2/bin/../lib/gcc/arm-none-eabi/9.3.1/thumb/v8-m.base/nofp/crti.o
 .ARM.attributes
                0x00000022       0x30 c:/renesas/ra/e2studio_v2021-04_fsp_v3.1.0/toolchains/gcc_arm/9_2020q2/bin/../lib/gcc/arm-none-eabi/9.3.1/thumb/v8-m.base/nofp/crtbegin.o
 .ARM.attributes
                0x00000052       0x30 ./src/SEGGER_RTT/SEGGER_RTT.o
 .ARM.attributes
                0x00000082       0x30 ./src/SEGGER_RTT/SEGGER_RTT_printf.o
 .ARM.attributes
                0x000000b2       0x30 ./src/hal_entry.o
 .ARM.attributes
                0x000000e2       0x30 ./src/spi.o
 .ARM.attributes
                0x00000112       0x30 ./src/uart.o
 .ARM.attributes
                0x00000142       0x30 ./ra_gen/common_data.o
 .ARM.attributes
                0x00000172       0x30 ./ra_gen/hal_data.o
 .ARM.attributes
                0x000001a2       0x30 ./ra_gen/main.o
 .ARM.attributes
                0x000001d2       0x32 ./ra_gen/pin_data.o
 .ARM.attributes
                0x00000204       0x32 ./ra_gen/vector_data.o
 .ARM.attributes
                0x00000236       0x30 ./ra/fsp/src/r_spi/r_spi.o
 .ARM.attributes
                0x00000266       0x30 ./ra/fsp/src/r_sci_uart/r_sci_uart.o
 .ARM.attributes
                0x00000296       0x30 ./ra/fsp/src/r_ioport/r_ioport.o
 .ARM.attributes
                0x000002c6       0x30 ./ra/fsp/src/r_dtc/r_dtc.o
 .ARM.attributes
                0x000002f6       0x30 ./ra/fsp/src/bsp/mcu/all/bsp_clocks.o
 .ARM.attributes
                0x00000326       0x30 ./ra/fsp/src/bsp/mcu/all/bsp_common.o
 .ARM.attributes
                0x00000356       0x30 ./ra/fsp/src/bsp/mcu/all/bsp_delay.o
 .ARM.attributes
                0x00000386       0x30 ./ra/fsp/src/bsp/mcu/all/bsp_group_irq.o
 .ARM.attributes
                0x000003b6       0x32 ./ra/fsp/src/bsp/mcu/all/bsp_io.o
 .ARM.attributes
                0x000003e8       0x30 ./ra/fsp/src/bsp/mcu/all/bsp_irq.o
 .ARM.attributes
                0x00000418       0x30 ./ra/fsp/src/bsp/mcu/all/bsp_register_protection.o
 .ARM.attributes
                0x00000448       0x32 ./ra/fsp/src/bsp/mcu/all/bsp_rom_registers.o
 .ARM.attributes
                0x0000047a       0x30 ./ra/fsp/src/bsp/cmsis/Device/RENESAS/Source/startup.o
 .ARM.attributes
                0x000004aa       0x30 ./ra/fsp/src/bsp/cmsis/Device/RENESAS/Source/system.o
 .ARM.attributes
                0x000004da       0x30 c:/renesas/ra/e2studio_v2021-04_fsp_v3.1.0/toolchains/gcc_arm/9_2020q2/bin/../lib/gcc/arm-none-eabi/9.3.1/thumb/v8-m.base/nofp\libgcc.a(_muldi3.o)
 .ARM.attributes
                0x0000050a       0x30 c:/renesas/ra/e2studio_v2021-04_fsp_v3.1.0/toolchains/gcc_arm/9_2020q2/bin/../lib/gcc/arm-none-eabi/9.3.1/../../../../arm-none-eabi/lib/thumb/v8-m.base/nofp\libg_nano.a(lib_a-memcpy-stub.o)
 .ARM.attributes
                0x0000053a       0x30 c:/renesas/ra/e2studio_v2021-04_fsp_v3.1.0/toolchains/gcc_arm/9_2020q2/bin/../lib/gcc/arm-none-eabi/9.3.1/../../../../arm-none-eabi/lib/thumb/v8-m.base/nofp\libg_nano.a(lib_a-memset.o)
 .ARM.attributes
                0x0000056a       0x1c c:/renesas/ra/e2studio_v2021-04_fsp_v3.1.0/toolchains/gcc_arm/9_2020q2/bin/../lib/gcc/arm-none-eabi/9.3.1/../../../../arm-none-eabi/lib/thumb/v8-m.base/nofp\libg_nano.a(lib_a-strlen.o)
 .ARM.attributes
                0x00000586       0x30 c:/renesas/ra/e2studio_v2021-04_fsp_v3.1.0/toolchains/gcc_arm/9_2020q2/bin/../lib/gcc/arm-none-eabi/9.3.1/thumb/v8-m.base/nofp/crtend.o
 .ARM.attributes
                0x000005b6       0x22 c:/renesas/ra/e2studio_v2021-04_fsp_v3.1.0/toolchains/gcc_arm/9_2020q2/bin/../lib/gcc/arm-none-eabi/9.3.1/thumb/v8-m.base/nofp/crtn.o

.comment        0x00000000       0x4c
 .comment       0x00000000       0x4c ./src/SEGGER_RTT/SEGGER_RTT.o
                                 0x4d (size before relaxing)
 .comment       0x0000004c       0x4d ./src/SEGGER_RTT/SEGGER_RTT_printf.o
 .comment       0x0000004c       0x4d ./src/hal_entry.o
 .comment       0x0000004c       0x4d ./src/spi.o
 .comment       0x0000004c       0x4d ./src/uart.o
 .comment       0x0000004c       0x4d ./ra_gen/common_data.o
 .comment       0x0000004c       0x4d ./ra_gen/hal_data.o
 .comment       0x0000004c       0x4d ./ra_gen/main.o
 .comment       0x0000004c       0x4d ./ra_gen/pin_data.o
 .comment       0x0000004c       0x4d ./ra_gen/vector_data.o
 .comment       0x0000004c       0x4d ./ra/fsp/src/r_spi/r_spi.o
 .comment       0x0000004c       0x4d ./ra/fsp/src/r_sci_uart/r_sci_uart.o
 .comment       0x0000004c       0x4d ./ra/fsp/src/r_ioport/r_ioport.o
 .comment       0x0000004c       0x4d ./ra/fsp/src/r_dtc/r_dtc.o
 .comment       0x0000004c       0x4d ./ra/fsp/src/bsp/mcu/all/bsp_clocks.o
 .comment       0x0000004c       0x4d ./ra/fsp/src/bsp/mcu/all/bsp_common.o
 .comment       0x0000004c       0x4d ./ra/fsp/src/bsp/mcu/all/bsp_delay.o
 .comment       0x0000004c       0x4d ./ra/fsp/src/bsp/mcu/all/bsp_group_irq.o
 .comment       0x0000004c       0x4d ./ra/fsp/src/bsp/mcu/all/bsp_io.o
 .comment       0x0000004c       0x4d ./ra/fsp/src/bsp/mcu/all/bsp_irq.o
 .comment       0x0000004c       0x4d ./ra/fsp/src/bsp/mcu/all/bsp_register_protection.o
 .comment       0x0000004c       0x4d ./ra/fsp/src/bsp/mcu/all/bsp_rom_registers.o
 .comment       0x0000004c       0x4d ./ra/fsp/src/bsp/cmsis/Device/RENESAS/Source/startup.o
 .comment       0x0000004c       0x4d ./ra/fsp/src/bsp/cmsis/Device/RENESAS/Source/system.o

.debug_info     0x00000000    0x68b26
 .debug_info    0x00000000     0x1e73 ./src/SEGGER_RTT/SEGGER_RTT.o
 .debug_info    0x00001e73      0xe08 ./src/SEGGER_RTT/SEGGER_RTT_printf.o
 .debug_info    0x00002c7b     0xbf3b ./src/hal_entry.o
 .debug_info    0x0000ebb6     0xb065 ./src/spi.o
 .debug_info    0x00019c1b     0xad23 ./src/uart.o
 .debug_info    0x0002493e     0x196e ./ra_gen/common_data.o
 .debug_info    0x000262ac     0xb5f3 ./ra_gen/hal_data.o
 .debug_info    0x0003189f     0xa731 ./ra_gen/main.o
 .debug_info    0x0003bfd0     0x10fe ./ra_gen/pin_data.o
 .debug_info    0x0003d0ce      0xd9e ./ra_gen/vector_data.o
 .debug_info    0x0003de6c     0x7659 ./ra/fsp/src/r_spi/r_spi.o
 .debug_info    0x000454c5     0x8c2a ./ra/fsp/src/r_sci_uart/r_sci_uart.o
 .debug_info    0x0004e0ef     0x33bf ./ra/fsp/src/r_ioport/r_ioport.o
 .debug_info    0x000514ae     0x5b31 ./ra/fsp/src/r_dtc/r_dtc.o
 .debug_info    0x00056fdf     0x4d40 ./ra/fsp/src/bsp/mcu/all/bsp_clocks.o
 .debug_info    0x0005bd1f     0x113e ./ra/fsp/src/bsp/mcu/all/bsp_common.o
 .debug_info    0x0005ce5d      0xa49 ./ra/fsp/src/bsp/mcu/all/bsp_delay.o
 .debug_info    0x0005d8a6     0x1b4a ./ra/fsp/src/bsp/mcu/all/bsp_group_irq.o
 .debug_info    0x0005f3f0      0x956 ./ra/fsp/src/bsp/mcu/all/bsp_io.o
 .debug_info    0x0005fd46     0x17fe ./ra/fsp/src/bsp/mcu/all/bsp_irq.o
 .debug_info    0x00061544     0x3fa8 ./ra/fsp/src/bsp/mcu/all/bsp_register_protection.o
 .debug_info    0x000654ec      0x99b ./ra/fsp/src/bsp/mcu/all/bsp_rom_registers.o
 .debug_info    0x00065e87      0x9e8 ./ra/fsp/src/bsp/cmsis/Device/RENESAS/Source/startup.o
 .debug_info    0x0006686f     0x22b7 ./ra/fsp/src/bsp/cmsis/Device/RENESAS/Source/system.o

.debug_abbrev   0x00000000     0x49a2
 .debug_abbrev  0x00000000      0x31a ./src/SEGGER_RTT/SEGGER_RTT.o
 .debug_abbrev  0x0000031a      0x2b4 ./src/SEGGER_RTT/SEGGER_RTT_printf.o
 .debug_abbrev  0x000005ce      0x450 ./src/hal_entry.o
 .debug_abbrev  0x00000a1e      0x352 ./src/spi.o
 .debug_abbrev  0x00000d70      0x393 ./src/uart.o
 .debug_abbrev  0x00001103      0x227 ./ra_gen/common_data.o
 .debug_abbrev  0x0000132a      0x320 ./ra_gen/hal_data.o
 .debug_abbrev  0x0000164a      0x2b6 ./ra_gen/main.o
 .debug_abbrev  0x00001900      0x1fb ./ra_gen/pin_data.o
 .debug_abbrev  0x00001afb      0x1e9 ./ra_gen/vector_data.o
 .debug_abbrev  0x00001ce4      0x564 ./ra/fsp/src/r_spi/r_spi.o
 .debug_abbrev  0x00002248      0x513 ./ra/fsp/src/r_sci_uart/r_sci_uart.o
 .debug_abbrev  0x0000275b      0x422 ./ra/fsp/src/r_ioport/r_ioport.o
 .debug_abbrev  0x00002b7d      0x475 ./ra/fsp/src/r_dtc/r_dtc.o
 .debug_abbrev  0x00002ff2      0x342 ./ra/fsp/src/bsp/mcu/all/bsp_clocks.o
 .debug_abbrev  0x00003334      0x27f ./ra/fsp/src/bsp/mcu/all/bsp_common.o
 .debug_abbrev  0x000035b3      0x242 ./ra/fsp/src/bsp/mcu/all/bsp_delay.o
 .debug_abbrev  0x000037f5      0x2e9 ./ra/fsp/src/bsp/mcu/all/bsp_group_irq.o
 .debug_abbrev  0x00003ade      0x1c7 ./ra/fsp/src/bsp/mcu/all/bsp_io.o
 .debug_abbrev  0x00003ca5      0x28e ./ra/fsp/src/bsp/mcu/all/bsp_irq.o
 .debug_abbrev  0x00003f33      0x300 ./ra/fsp/src/bsp/mcu/all/bsp_register_protection.o
 .debug_abbrev  0x00004233      0x1c9 ./ra/fsp/src/bsp/mcu/all/bsp_rom_registers.o
 .debug_abbrev  0x000043fc      0x220 ./ra/fsp/src/bsp/cmsis/Device/RENESAS/Source/startup.o
 .debug_abbrev  0x0000461c      0x386 ./ra/fsp/src/bsp/cmsis/Device/RENESAS/Source/system.o

.debug_aranges  0x00000000      0x878
 .debug_aranges
                0x00000000      0x140 ./src/SEGGER_RTT/SEGGER_RTT.o
 .debug_aranges
                0x00000140       0x40 ./src/SEGGER_RTT/SEGGER_RTT_printf.o
 .debug_aranges
                0x00000180       0x88 ./src/hal_entry.o
 .debug_aranges
                0x00000208       0x40 ./src/spi.o
 .debug_aranges
                0x00000248       0x88 ./src/uart.o
 .debug_aranges
                0x000002d0       0x20 ./ra_gen/common_data.o
 .debug_aranges
                0x000002f0       0x20 ./ra_gen/hal_data.o
 .debug_aranges
                0x00000310       0x20 ./ra_gen/main.o
 .debug_aranges
                0x00000330       0x18 ./ra_gen/pin_data.o
 .debug_aranges
                0x00000348       0x18 ./ra_gen/vector_data.o
 .debug_aranges
                0x00000360      0x110 ./ra/fsp/src/r_spi/r_spi.o
 .debug_aranges
                0x00000470      0x100 ./ra/fsp/src/r_sci_uart/r_sci_uart.o
 .debug_aranges
                0x00000570       0xb8 ./ra/fsp/src/r_ioport/r_ioport.o
 .debug_aranges
                0x00000628       0x90 ./ra/fsp/src/r_dtc/r_dtc.o
 .debug_aranges
                0x000006b8       0x68 ./ra/fsp/src/bsp/mcu/all/bsp_clocks.o
 .debug_aranges
                0x00000720       0x30 ./ra/fsp/src/bsp/mcu/all/bsp_common.o
 .debug_aranges
                0x00000750       0x28 ./ra/fsp/src/bsp/mcu/all/bsp_delay.o
 .debug_aranges
                0x00000778       0x30 ./ra/fsp/src/bsp/mcu/all/bsp_group_irq.o
 .debug_aranges
                0x000007a8       0x18 ./ra/fsp/src/bsp/mcu/all/bsp_io.o
 .debug_aranges
                0x000007c0       0x20 ./ra/fsp/src/bsp/mcu/all/bsp_irq.o
 .debug_aranges
                0x000007e0       0x28 ./ra/fsp/src/bsp/mcu/all/bsp_register_protection.o
 .debug_aranges
                0x00000808       0x18 ./ra/fsp/src/bsp/mcu/all/bsp_rom_registers.o
 .debug_aranges
                0x00000820       0x28 ./ra/fsp/src/bsp/cmsis/Device/RENESAS/Source/startup.o
 .debug_aranges
                0x00000848       0x30 ./ra/fsp/src/bsp/cmsis/Device/RENESAS/Source/system.o

.debug_ranges   0x00000000      0x720
 .debug_ranges  0x00000000      0x130 ./src/SEGGER_RTT/SEGGER_RTT.o
 .debug_ranges  0x00000130       0x48 ./src/SEGGER_RTT/SEGGER_RTT_printf.o
 .debug_ranges  0x00000178       0x78 ./src/hal_entry.o
 .debug_ranges  0x000001f0       0x30 ./src/spi.o
 .debug_ranges  0x00000220       0x78 ./src/uart.o
 .debug_ranges  0x00000298       0x10 ./ra_gen/common_data.o
 .debug_ranges  0x000002a8       0x10 ./ra_gen/hal_data.o
 .debug_ranges  0x000002b8       0x10 ./ra_gen/main.o
 .debug_ranges  0x000002c8      0x100 ./ra/fsp/src/r_spi/r_spi.o
 .debug_ranges  0x000003c8      0x120 ./ra/fsp/src/r_sci_uart/r_sci_uart.o
 .debug_ranges  0x000004e8       0xa8 ./ra/fsp/src/r_ioport/r_ioport.o
 .debug_ranges  0x00000590       0x80 ./ra/fsp/src/r_dtc/r_dtc.o
 .debug_ranges  0x00000610       0x58 ./ra/fsp/src/bsp/mcu/all/bsp_clocks.o
 .debug_ranges  0x00000668       0x20 ./ra/fsp/src/bsp/mcu/all/bsp_common.o
 .debug_ranges  0x00000688       0x18 ./ra/fsp/src/bsp/mcu/all/bsp_delay.o
 .debug_ranges  0x000006a0       0x20 ./ra/fsp/src/bsp/mcu/all/bsp_group_irq.o
 .debug_ranges  0x000006c0       0x10 ./ra/fsp/src/bsp/mcu/all/bsp_irq.o
 .debug_ranges  0x000006d0       0x18 ./ra/fsp/src/bsp/mcu/all/bsp_register_protection.o
 .debug_ranges  0x000006e8       0x18 ./ra/fsp/src/bsp/cmsis/Device/RENESAS/Source/startup.o
 .debug_ranges  0x00000700       0x20 ./ra/fsp/src/bsp/cmsis/Device/RENESAS/Source/system.o

.debug_line     0x00000000     0x8b38
 .debug_line    0x00000000      0xaf3 ./src/SEGGER_RTT/SEGGER_RTT.o
 .debug_line    0x00000af3      0x4d4 ./src/SEGGER_RTT/SEGGER_RTT_printf.o
 .debug_line    0x00000fc7      0x851 ./src/hal_entry.o
 .debug_line    0x00001818      0x5fa ./src/spi.o
 .debug_line    0x00001e12      0x844 ./src/uart.o
 .debug_line    0x00002656      0x39f ./ra_gen/common_data.o
 .debug_line    0x000029f5      0x4e3 ./ra_gen/hal_data.o
 .debug_line    0x00002ed8      0x4df ./ra_gen/main.o
 .debug_line    0x000033b7      0x2a9 ./ra_gen/pin_data.o
 .debug_line    0x00003660      0x304 ./ra_gen/vector_data.o
 .debug_line    0x00003964      0xfbc ./ra/fsp/src/r_spi/r_spi.o
 .debug_line    0x00004920      0xe36 ./ra/fsp/src/r_sci_uart/r_sci_uart.o
 .debug_line    0x00005756      0x9b0 ./ra/fsp/src/r_ioport/r_ioport.o
 .debug_line    0x00006106      0x851 ./ra/fsp/src/r_dtc/r_dtc.o
 .debug_line    0x00006957      0x4e8 ./ra/fsp/src/bsp/mcu/all/bsp_clocks.o
 .debug_line    0x00006e3f      0x387 ./ra/fsp/src/bsp/mcu/all/bsp_common.o
 .debug_line    0x000071c6      0x2e6 ./ra/fsp/src/bsp/mcu/all/bsp_delay.o
 .debug_line    0x000074ac      0x364 ./ra/fsp/src/bsp/mcu/all/bsp_group_irq.o
 .debug_line    0x00007810      0x272 ./ra/fsp/src/bsp/mcu/all/bsp_io.o
 .debug_line    0x00007a82      0x323 ./ra/fsp/src/bsp/mcu/all/bsp_irq.o
 .debug_line    0x00007da5      0x3d6 ./ra/fsp/src/bsp/mcu/all/bsp_register_protection.o
 .debug_line    0x0000817b      0x27d ./ra/fsp/src/bsp/mcu/all/bsp_rom_registers.o
 .debug_line    0x000083f8      0x2bb ./ra/fsp/src/bsp/cmsis/Device/RENESAS/Source/startup.o
 .debug_line    0x000086b3      0x485 ./ra/fsp/src/bsp/cmsis/Device/RENESAS/Source/system.o

.debug_str      0x00000000    0x100fd
 .debug_str     0x00000000      0x9c1 ./src/SEGGER_RTT/SEGGER_RTT.o
                                0xa70 (size before relaxing)
 .debug_str     0x000009c1      0x120 ./src/SEGGER_RTT/SEGGER_RTT_printf.o
                                0x73d (size before relaxing)
 .debug_str     0x00000ae1     0x937d ./src/hal_entry.o
                               0x9c16 (size before relaxing)
 .debug_str     0x00009e5e      0x107 ./src/spi.o
                               0x9793 (size before relaxing)
 .debug_str     0x00009f65      0x22b ./src/uart.o
                               0x8847 (size before relaxing)
 .debug_str     0x0000a190       0x26 ./ra_gen/common_data.o
                               0x3155 (size before relaxing)
 .debug_str     0x0000a1b6     0x1670 ./ra_gen/hal_data.o
                               0x9c47 (size before relaxing)
 .debug_str     0x0000b826       0x16 ./ra_gen/main.o
                               0x8552 (size before relaxing)
 .debug_str     0x0000b83c      0x4ea ./ra_gen/pin_data.o
                               0x1bac (size before relaxing)
 .debug_str     0x0000bd26      0xfeb ./ra_gen/vector_data.o
                               0x1581 (size before relaxing)
 .debug_str     0x0000cd11     0x1cc8 ./ra/fsp/src/r_spi/r_spi.o
                               0x4d82 (size before relaxing)
 .debug_str     0x0000e9d9      0x31d ./ra/fsp/src/r_sci_uart/r_sci_uart.o
                               0x60b3 (size before relaxing)
 .debug_str     0x0000ecf6      0x77a ./ra/fsp/src/r_ioport/r_ioport.o
                               0x393c (size before relaxing)
 .debug_str     0x0000f470      0x21d ./ra/fsp/src/r_dtc/r_dtc.o
                               0x3dda (size before relaxing)
 .debug_str     0x0000f68d      0x342 ./ra/fsp/src/bsp/mcu/all/bsp_clocks.o
                               0x20d0 (size before relaxing)
 .debug_str     0x0000f9cf       0xea ./ra/fsp/src/bsp/mcu/all/bsp_common.o
                               0x1d98 (size before relaxing)
 .debug_str     0x0000fab9       0xca ./ra/fsp/src/bsp/mcu/all/bsp_delay.o
                                0x6c1 (size before relaxing)
 .debug_str     0x0000fb83      0x1de ./ra/fsp/src/bsp/mcu/all/bsp_group_irq.o
                               0x2287 (size before relaxing)
 .debug_str     0x0000fd61       0x23 ./ra/fsp/src/bsp/mcu/all/bsp_io.o
                                0x5b9 (size before relaxing)
 .debug_str     0x0000fd84       0x30 ./ra/fsp/src/bsp/mcu/all/bsp_irq.o
                               0x199a (size before relaxing)
 .debug_str     0x0000fdb4      0x12b ./ra/fsp/src/bsp/mcu/all/bsp_register_protection.o
                               0x1b30 (size before relaxing)
 .debug_str     0x0000fedf       0x51 ./ra/fsp/src/bsp/mcu/all/bsp_rom_registers.o
                                0x5e7 (size before relaxing)
 .debug_str     0x0000ff30       0x77 ./ra/fsp/src/bsp/cmsis/Device/RENESAS/Source/startup.o
                                0x61f (size before relaxing)
 .debug_str     0x0000ffa7      0x156 ./ra/fsp/src/bsp/cmsis/Device/RENESAS/Source/system.o
                                0xfb5 (size before relaxing)

.debug_frame    0x00000000     0x1a84
 .debug_frame   0x00000000      0x4ac ./src/SEGGER_RTT/SEGGER_RTT.o
 .debug_frame   0x000004ac       0xb4 ./src/SEGGER_RTT/SEGGER_RTT_printf.o
 .debug_frame   0x00000560      0x1cc ./src/hal_entry.o
 .debug_frame   0x0000072c       0xb0 ./src/spi.o
 .debug_frame   0x000007dc      0x1c8 ./src/uart.o
 .debug_frame   0x000009a4       0x2c ./ra_gen/common_data.o
 .debug_frame   0x000009d0       0x2c ./ra_gen/hal_data.o
 .debug_frame   0x000009fc       0x2c ./ra_gen/main.o
 .debug_frame   0x00000a28      0x3f8 ./ra/fsp/src/r_spi/r_spi.o
 .debug_frame   0x00000e20      0x3c0 ./ra/fsp/src/r_sci_uart/r_sci_uart.o
 .debug_frame   0x000011e0      0x298 ./ra/fsp/src/r_ioport/r_ioport.o
 .debug_frame   0x00001478      0x1f0 ./ra/fsp/src/r_dtc/r_dtc.o
 .debug_frame   0x00001668      0x144 ./ra/fsp/src/bsp/mcu/all/bsp_clocks.o
 .debug_frame   0x000017ac       0x70 ./ra/fsp/src/bsp/mcu/all/bsp_common.o
 .debug_frame   0x0000181c       0x44 ./ra/fsp/src/bsp/mcu/all/bsp_delay.o
 .debug_frame   0x00001860       0x70 ./ra/fsp/src/bsp/mcu/all/bsp_group_irq.o
 .debug_frame   0x000018d0       0x30 ./ra/fsp/src/bsp/mcu/all/bsp_irq.o
 .debug_frame   0x00001900       0x50 ./ra/fsp/src/bsp/mcu/all/bsp_register_protection.o
 .debug_frame   0x00001950       0x48 ./ra/fsp/src/bsp/cmsis/Device/RENESAS/Source/startup.o
 .debug_frame   0x00001998       0x70 ./ra/fsp/src/bsp/cmsis/Device/RENESAS/Source/system.o
 .debug_frame   0x00001a08       0x34 c:/renesas/ra/e2studio_v2021-04_fsp_v3.1.0/toolchains/gcc_arm/9_2020q2/bin/../lib/gcc/arm-none-eabi/9.3.1/thumb/v8-m.base/nofp\libgcc.a(_muldi3.o)
 .debug_frame   0x00001a3c       0x28 c:/renesas/ra/e2studio_v2021-04_fsp_v3.1.0/toolchains/gcc_arm/9_2020q2/bin/../lib/gcc/arm-none-eabi/9.3.1/../../../../arm-none-eabi/lib/thumb/v8-m.base/nofp\libg_nano.a(lib_a-memcpy-stub.o)
 .debug_frame   0x00001a64       0x20 c:/renesas/ra/e2studio_v2021-04_fsp_v3.1.0/toolchains/gcc_arm/9_2020q2/bin/../lib/gcc/arm-none-eabi/9.3.1/../../../../arm-none-eabi/lib/thumb/v8-m.base/nofp\libg_nano.a(lib_a-memset.o)
